---
source: crates/xtask/src/capture_pandoc_goldens.rs
expression: extraction.to_string()
---
core_props:
  title: Crossref Test
slide 1:
  Crossref Test
slide 2:
  Simple Figure
  Figure 1: Elephant
slide 3:
  See Figure 1 for an illustration
slide 4:
  Simple Crossref Table
  See Table 1.
slide 5:
  Math
  Theorem 1 (Line) The equation of any straight line, called a linear equation, can be written as:
  
  See Theorem 1.
math:
  y=mx+b
media: ["image1.jpg"]
image_relationships: ["../media/image1.jpg"]
drawing_count: 0
page_break_count: 0
