---
source: crates/quarto-markdown-pandoc/tests/test_error_corpus.rs
expression: json_string
---
[
  {
    "kind": "error",
    "location": {
      "Original": {
        "end_offset": 19,
        "file_id": 0,
        "start_offset": 18
      }
    },
    "problem": {
      "content": "unexpected character or token here",
      "type": "markdown"
    },
    "title": "Parse error"
  },
  {
    "kind": "error",
    "location": {
      "Original": {
        "end_offset": 20,
        "file_id": 0,
        "start_offset": 19
      }
    },
    "problem": {
      "content": "unexpected character or token here",
      "type": "markdown"
    },
    "title": "Parse error"
  }
]
