---
source: crates/quarto-markdown-pandoc/tests/test_error_corpus.rs
expression: json_string
---
[
  {
    "kind": "error",
    "location": {
      "Original": {
        "end_offset": 4,
        "file_id": 0,
        "start_offset": 3
      }
    },
    "problem": {
      "content": "unexpected character or token here",
      "type": "markdown"
    },
    "title": "Parse error"
  },
  {
    "kind": "error",
    "location": {
      "Original": {
        "end_offset": 43,
        "file_id": 0,
        "start_offset": 42
      }
    },
    "problem": {
      "content": "unexpected character or token here",
      "type": "markdown"
    },
    "title": "Parse error"
  },
  {
    "kind": "error",
    "location": {
      "Original": {
        "end_offset": 44,
        "file_id": 0,
        "start_offset": 43
      }
    },
    "problem": {
      "content": "unexpected character or token here",
      "type": "markdown"
    },
    "title": "Parse error"
  }
]
