---
source: crates/pampa/tests/test.rs
expression: output
---
{"blocks":[{"attrS":{"classes":[1],"id":null,"kvs":[]},"c":[["",["hello"],[]],[]],"s":0,"t":"Div"}],"meta":{"nested":{"c":[{"c":"meta","s":6,"t":"Str"}],"s":4,"t":"MetaInlines"},"title":{"c":[{"c":"metadata1","s":11,"t":"Str"}],"s":9,"t":"MetaInlines"}},"pandoc-api-version":[1,23,1],"astContext":{"files":[{"line_breaks":[3,20,24,25,35,36,40,53,57,58,62],"name":"tests/snapshots/json/002.qmd","total_length":63}],"metaTopLevelKeySources":{"nested":13,"title":15},"sourceInfoPool":[{"d":0,"r":[26,63],"t":0},{"d":0,"r":[30,35],"t":0},{"d":0,"r":[37,58],"t":0},{"d":2,"r":[4,16],"t":1},{"d":3,"r":[8,12],"t":1},{"d":3,"r":[8,12],"t":1},{"d":5,"r":[0,4],"t":1},{"d":0,"r":[0,25],"t":0},{"d":7,"r":[4,20],"t":1},{"d":8,"r":[7,16],"t":1},{"d":8,"r":[7,16],"t":1},{"d":10,"r":[0,9],"t":1},{"d":2,"r":[4,16],"t":1},{"d":12,"r":[0,6],"t":1},{"d":7,"r":[4,20],"t":1},{"d":14,"r":[0,5],"t":1}]}}
