---
source: crates/pampa/tests/integration/test.rs
expression: output
---
{"blocks":[{"c":[{"c":"Link","s":1,"t":"Str"},{"s":2,"t":"Space"},{"c":"to","s":3,"t":"Str"},{"s":4,"t":"Space"},{"a":{"classes":[],"id":null,"kvs":[]},"c":[["",["anchor"],[]],[{"c":"123","s":6,"t":"Str"}],["#123",""]],"s":5,"t":"Link","targetS":[null,null]},{"s":7,"t":"Space"},{"c":"here.","s":8,"t":"Str"}],"s":0,"t":"Para"}],"meta":{},"pandoc-api-version":[1,23,1],"astContext":{"files":[{"line_breaks":[20],"name":"tests/snapshots/json/anchor-shorthand-05-numeric.qmd","total_length":21}],"p":[{"d":0,"r":[0,21],"t":0},{"d":0,"r":[0,4],"t":0},{"d":0,"r":[4,5],"t":0},{"d":0,"r":[5,7],"t":0},{"d":0,"r":[7,8],"t":0},{"d":0,"r":[8,14],"t":0},{"d":0,"r":[8,14],"t":0},{"d":0,"r":[14,15],"t":0},{"d":0,"r":[15,20],"t":0}]}}
