---
source: crates/pampa/tests/test.rs
expression: output
---
{"blocks":[{"c":[{"c":"An","s":1,"t":"Str"},{"s":2,"t":"Space"},{"c":"anchor:","s":5,"t":"Str"},{"s":6,"t":"Space"},{"attrS":{"classes":[],"id":null,"kvs":[]},"c":[["",["anchor"],[]],[{"c":"foo","s":8,"t":"Str"}],["#foo",""]],"s":7,"t":"Link","targetS":[null,null]}],"s":0,"t":"Para"}],"meta":{},"pandoc-api-version":[1,23,1],"astContext":{"files":[{"line_breaks":[17],"name":"tests/snapshots/json/anchor-shorthand-01-simple.qmd","total_length":18}],"sourceInfoPool":[{"d":8055864538776543167,"r":[0,18],"t":0},{"d":8055864538776543167,"r":[0,2],"t":0},{"d":8055864538776543167,"r":[2,3],"t":0},{"d":8055864538776543167,"r":[3,9],"t":0},{"d":8055864538776543167,"r":[9,10],"t":0},{"d":[[3,0,6],[4,6,1]],"r":[0,7],"t":2},{"d":8055864538776543167,"r":[10,11],"t":0},{"d":8055864538776543167,"r":[11,17],"t":0},{"d":8055864538776543167,"r":[11,17],"t":0}]}}
