---
source: crates/pampa/tests/integration/test.rs
expression: output
---
{"blocks":[{"c":[{"c":"An","s":2,"t":"Str"},{"s":3,"t":"Space"},{"c":"anchor:","s":6,"t":"Str"},{"s":7,"t":"Space"},{"a":{"classes":[],"id":null,"kvs":[]},"c":[["",["anchor"],[]],[{"c":"foo","s":9,"t":"Str"}],["#foo",""]],"s":8,"t":"Link","targetS":[null,null]}],"s":1,"t":"Para"}],"meta":{},"pandoc-api-version":[1,23,1],"astContext":{"files":[{"line_breaks":[17],"name":"tests/snapshots/json/anchor-shorthand-01-simple.qmd","total_length":18}],"p":[{"d":{"by":{"kind":"user-edit"}},"r":[0,0],"t":4},{"d":0,"r":[0,18],"t":0},{"d":0,"r":[0,2],"t":0},{"d":0,"r":[2,3],"t":0},{"d":0,"r":[3,9],"t":0},{"d":0,"r":[9,10],"t":0},{"d":[[4,0,6],[5,6,1]],"r":[0,7],"t":2},{"d":0,"r":[10,11],"t":0},{"d":0,"r":[11,17],"t":0},{"d":0,"r":[11,17],"t":0}]}}
