---
source: crates/pampa/tests/test.rs
expression: output
---
{"blocks":[{"c":[{"c":"Before","s":1,"t":"Str"},{"s":2,"t":"Space"},{"attrS":{"classes":[],"id":null,"kvs":[]},"c":[["",["anchor"],[]],[{"c":"foo","s":4,"t":"Str"}],["#foo",""]],"s":3,"t":"Link","targetS":[null,null]},{"s":5,"t":"Space"},{"c":"after.","s":6,"t":"Str"}],"s":0,"t":"Para"}],"meta":{},"pandoc-api-version":[1,23,1],"astContext":{"files":[{"line_breaks":[20],"name":"tests/snapshots/json/anchor-shorthand-02-in-paragraph.qmd","total_length":21}],"sourceInfoPool":[{"d":0,"r":[0,21],"t":0},{"d":0,"r":[0,6],"t":0},{"d":0,"r":[6,7],"t":0},{"d":0,"r":[7,13],"t":0},{"d":0,"r":[7,13],"t":0},{"d":0,"r":[13,14],"t":0},{"d":0,"r":[14,20],"t":0}]}}
