---
source: crates/quarto-math/tests/integration/mathml.rs
expression: to_mathml(&n)
---
<math xmlns="http://www.w3.org/1998/Math/MathML"><semantics><mrow><mi>a</mi><mspace width="0.5em"></mspace><mi>b</mi><mspace width="0.1667em"></mspace><mi>c</mi></mrow><annotation encoding="application/x-tex">a\enspace b\, c</annotation></semantics></math>
