---
source: crates/quarto-math/tests/integration/mathml.rs
expression: to_mathml(&n)
---
<math xmlns="http://www.w3.org/1998/Math/MathML"><semantics><mrow><mi>a</mi><mo>,</mo><mo>…</mo><mo>,</mo><mi>b</mi><mo>…</mo><mi>c</mi><mo>⋯</mo><mi>d</mi><mo>⋮</mo><mo>⋱</mo><mo>…</mo><mo>⋯</mo></mrow><annotation encoding="application/x-tex">a, \dots, b \ldots c \cdots d \vdots \ddots \dotsc \dotsb</annotation></semantics></math>
