---
source: crates/quarto-math/tests/integration/mathml.rs
expression: to_mathml(&n)
---
<math xmlns="http://www.w3.org/1998/Math/MathML"><semantics><mrow><mrow><mo stretchy="true">(</mo><mfrac linethickness="0"><mi>n</mi><mi>k</mi></mfrac><mo stretchy="true">)</mo></mrow></mrow><annotation encoding="application/x-tex">\binom{n}{k}</annotation></semantics></math>
