---
source: crates/quarto-math/tests/integration/mathml.rs
expression: to_mathml(&n)
---
<math xmlns="http://www.w3.org/1998/Math/MathML"><semantics><mrow><mi>x</mi><merror><mtext>aligned</mtext></merror></mrow><annotation encoding="application/x-tex">x \end{aligned}</annotation></semantics></math>
