---
source: crates/quarto-math/tests/integration/mathml.rs
expression: to_mathml(&n)
---
<math xmlns="http://www.w3.org/1998/Math/MathML"><semantics><mrow><munder><mi>sup</mi><mi>x</mi></munder><mo>⁡</mo><mi>f</mi><mo stretchy="false">(</mo><mi>x</mi><mo stretchy="false">)</mo><mo>−</mo><munder><mi>inf</mi><mi>x</mi></munder><mo>⁡</mo><mi>f</mi><mo stretchy="false">(</mo><mi>x</mi><mo stretchy="false">)</mo></mrow><annotation encoding="application/x-tex">\sup_{x} f(x) - \inf_{x} f(x)</annotation></semantics></math>
