---
source: crates/quarto-math/tests/integration/mathml.rs
expression: to_mathml(&n)
---
<math xmlns="http://www.w3.org/1998/Math/MathML"><semantics><mrow><msqrt><mrow><mn>1</mn><mo>+</mo><msqrt><mi>x</mi></msqrt></mrow></msqrt></mrow><annotation encoding="application/x-tex">\sqrt{1+\sqrt{x}}</annotation></semantics></math>
