---
source: crates/quarto-math/tests/integration/normalize.rs
expression: rendered(&n)
---
row @0..128
  run "a" @0..1
  sym "≤" @2..6
  run "b" @7..8
  sym "≥" @9..13
  run "c" @14..15
  sym "≈" @16..23
  run "d" @24..25
  sym "≡" @26..32
  run "e" @33..34
  sym "∼" @35..39
  run "f" @40..41
  sym "∝" @42..49
  run "g" @50..51
  sym "∈" @52..55
  run "h" @56..57
  sym "⊂" @58..65
  run "i" @66..67
  sym "⊆" @68..77
  run "j" @78..79
  sym "≪" @80..83
  run "k" @84..85
  sym "≫" @86..89
  run "l" @90..91
  sym "≃" @92..98
  run "m" @99..100
  sym "≅" @101..106
  run "n" @107..108
  sym "⟂" @109..114
  run "o" @115..116
  sym "∥" @117..126
  run "p" @127..128
-- problems --
