---
source: crates/quarto-math/tests/integration/mathml.rs
expression: to_mathml(&n)
---
<math xmlns="http://www.w3.org/1998/Math/MathML"><semantics><mrow><mi>x</mi><mo>∈</mo><mi>ℝ</mi></mrow><annotation encoding="application/x-tex">\newcommand{\R}{\mathbb{R}} x \in \R</annotation></semantics></math>
