---
source: crates/quarto-math/tests/integration/mathml.rs
expression: to_mathml(&n)
---
<math xmlns="http://www.w3.org/1998/Math/MathML"><semantics><mrow><mi>x</mi><mo>=</mo><mn>1</mn><mtext> if </mtext><mi>y</mi><mo>&gt;</mo><mn>0</mn></mrow><annotation encoding="application/x-tex">x = 1 \text{ if } y &gt; 0</annotation></semantics></math>
