---
source: crates/quarto-math/tests/integration/mathml.rs
expression: to_mathml(&n)
---
<math xmlns="http://www.w3.org/1998/Math/MathML"><semantics><mrow><mi>a</mi><mspace width="0.2222em"></mspace><mi>b</mi><mspace width="0.2778em"></mspace><mi>c</mi></mrow><annotation encoding="application/x-tex">a\:b\;c</annotation></semantics></math>
