---
source: crates/quarto-math/tests/integration/mathml.rs
expression: to_mathml(&n)
---
<math xmlns="http://www.w3.org/1998/Math/MathML"><semantics><mrow><mfrac><mi>a</mi><mrow><mi>b</mi><merror><mtext>{b</mtext></merror></mrow></mfrac></mrow><annotation encoding="application/x-tex">\frac{a}{b</annotation></semantics></math>
