---
source: crates/quarto-math/tests/integration/mathml.rs
expression: to_mathml(&n)
---
<math xmlns="http://www.w3.org/1998/Math/MathML"><semantics><mrow><mrow><mi mathvariant="normal">d</mi></mrow><mrow><mi>𝑥</mi></mrow></mrow><annotation encoding="application/x-tex">{\rm d}{\it x}</annotation></semantics></math>
