---
source: crates/quarto-math/tests/integration/mathml.rs
expression: to_mathml(&n)
---
<math xmlns="http://www.w3.org/1998/Math/MathML" display="block"><semantics><mtable><mtr><mtd><mrow><mi>a</mi></mrow></mtd></mtr><mtr><mtd><mrow><mi>b</mi></mrow></mtd></mtr></mtable><annotation encoding="application/x-tex">a \\ b</annotation></semantics></math>
