---
source: crates/quarto-math/tests/integration/mathml.rs
expression: to_mathml(&n)
---
<math xmlns="http://www.w3.org/1998/Math/MathML"><semantics><mrow><mover accent="true"><mrow><mi>A</mi><mi>B</mi></mrow><mo>→</mo></mover></mrow><annotation encoding="application/x-tex">\overrightarrow{AB}</annotation></semantics></math>
