---
source: crates/quarto-math/tests/integration/mathml.rs
expression: to_mathml(&n)
---
<math xmlns="http://www.w3.org/1998/Math/MathML"><semantics><mrow><mrow><merror><mtext>\begin{foo} x \end{foo}</mtext></merror><mi>x</mi></mrow></mrow><annotation encoding="application/x-tex">\begin{foo} x \end{foo}</annotation></semantics></math>
