---
source: crates/quarto-math/tests/integration/mathml.rs
expression: to_mathml(&n)
---
<math xmlns="http://www.w3.org/1998/Math/MathML"><semantics><mrow><mo>∞</mo><mo>∂</mo><mo>∇</mo><mo>∀</mo><mo>∃</mo><mo>∅</mo><mo>∅</mo><mo>⊤</mo><mo>⊥</mo><mi>ℑ</mi><mi>ℜ</mi><mi>א</mi><mi>ħ</mi><mi>ℓ</mi><mo>℘</mo><mo>′</mo><mo>∠</mo><mo>△</mo><mo>□</mo></mrow><annotation encoding="application/x-tex">\infty \partial \nabla \forall \exists \emptyset \varnothing \top \bot \Im \Re \aleph \hbar \ell \wp \prime \angle \triangle \square</annotation></semantics></math>
