---
source: crates/quarto-math/tests/integration/mathml.rs
expression: to_mathml(&n)
---
<math xmlns="http://www.w3.org/1998/Math/MathML"><semantics><mrow><mi>a</mi><mo>&lt;</mo><mi>b</mi><mo>≤</mo><mi>c</mi><mo>≠</mo><mi>d</mi></mrow><annotation encoding="application/x-tex">a &lt; b \leq c \neq d</annotation></semantics></math>
