---
source: crates/quarto-math/tests/integration/normalize.rs
expression: rendered(&n)
---
row @0..193
  sym "α" @0..6
  sym "β" @7..12
  sym "γ" @13..19
  sym "δ" @20..26
  sym "ϵ" @27..35
  sym "ε" @36..47
  sym "ζ" @48..53
  sym "η" @54..58
  sym "θ" @59..65
  sym "ϑ" @66..75
  sym "ι" @76..81
  sym "κ" @82..88
  sym "λ" @89..96
  sym "μ" @97..100
  sym "ν" @101..104
  sym "ξ" @105..108
  sym "π" @109..112
  sym "ϖ" @113..119
  sym "ρ" @120..124
  sym "ϱ" @125..132
  sym "σ" @133..139
  sym "ς" @140..149
  sym "τ" @150..154
  sym "υ" @155..163
  sym "ϕ" @164..168
  sym "φ" @169..176
  sym "χ" @177..181
  sym "ψ" @182..186
  sym "ω" @187..193
-- problems --
