---
source: crates/quarto-math/tests/integration/mathml.rs
expression: to_mathml(&n)
---
<math xmlns="http://www.w3.org/1998/Math/MathML"><semantics><mrow><mi>P</mi><mo stretchy="false">(</mo><mfrac><mi>a</mi><mi>b</mi></mfrac><mo stretchy="false">)</mo></mrow><annotation encoding="application/x-tex">\newcommand{\pr}[1]{P(#1)} \pr{\frac{a}{b}}</annotation></semantics></math>
