---
source: crates/quarto-math/tests/integration/mathml.rs
expression: to_mathml(&n)
---
<math xmlns="http://www.w3.org/1998/Math/MathML"><semantics><mrow><munder><mo movablelimits="false">∏</mo><mi>i</mi></munder><msub><mi>x</mi><mi>i</mi></msub></mrow><annotation encoding="application/x-tex">\prod\limits_{i} x_i</annotation></semantics></math>
