---
source: crates/quarto-math/tests/integration/mathml.rs
expression: to_mathml(&n)
---
<math xmlns="http://www.w3.org/1998/Math/MathML"><semantics><mrow><mo>§</mo><mo>¶</mo><mo>†</mo><mo>‡</mo><mo>©</mo><mo>£</mo></mrow><annotation encoding="application/x-tex">\S \P \dag \ddag \copyright \pounds</annotation></semantics></math>
