---
source: crates/quarto-math/tests/integration/mathml.rs
expression: to_mathml(&n)
---
<math xmlns="http://www.w3.org/1998/Math/MathML" display="block"><semantics><mrow><mrow><munder><mo>∑</mo><mi>i</mi></munder><msub><mi>x</mi><mi>i</mi></msub></mrow></mrow><annotation encoding="application/x-tex">\textstyle \sum_i x_i</annotation></semantics></math>
