---
source: crates/quarto-math/tests/integration/mathml.rs
expression: to_mathml(&n)
---
<math xmlns="http://www.w3.org/1998/Math/MathML" display="block"><semantics><mrow><mi>P</mi><mo stretchy="false">(</mo><mi>x</mi><mo>&gt;</mo><mn>0</mn><mo stretchy="false">)</mo></mrow><annotation encoding="application/x-tex">\newcommand{\pr}[1]{P(#1)}
\pr{x&gt;0}</annotation></semantics></math>
