---
source: crates/quarto-math/tests/integration/mathml.rs
expression: to_mathml(&n)
---
<math xmlns="http://www.w3.org/1998/Math/MathML"><semantics><mrow><mi>P</mi><mo stretchy="false">(</mo><mi>B</mi><mo stretchy="false">)</mo><mo>&gt;</mo><mn>0</mn></mrow><annotation encoding="application/x-tex">P(B) &gt; 0</annotation></semantics></math>
