---
source: crates/quarto-math/tests/integration/mathml.rs
expression: to_mathml(&n)
---
<math xmlns="http://www.w3.org/1998/Math/MathML"><semantics><mrow><msqrt><mfrac><mi>a</mi><mi>b</mi></mfrac></msqrt></mrow><annotation encoding="application/x-tex">\sqrt{\frac{a}{b}}</annotation></semantics></math>
