---
source: crates/quarto-math/tests/integration/mathml.rs
expression: to_mathml(&n)
---
<math xmlns="http://www.w3.org/1998/Math/MathML"><semantics><mrow><msubsup><mo>∫</mo><mi>a</mi><mi>b</mi></msubsup><mi>f</mi><mo stretchy="false">(</mo><mi>x</mi><mo stretchy="false">)</mo><mspace width="0.1667em"></mspace><mi>d</mi><mi>x</mi><mo>=</mo><mi>F</mi><mo stretchy="false">(</mo><mi>b</mi><mo stretchy="false">)</mo><mo>−</mo><mi>F</mi><mo stretchy="false">(</mo><mi>a</mi><mo stretchy="false">)</mo></mrow><annotation encoding="application/x-tex">\int_a^b f(x)\,dx = F(b) - F(a)</annotation></semantics></math>
