---
source: crates/quarto-math/tests/integration/mathml.rs
expression: to_mathml(&n)
---
<math xmlns="http://www.w3.org/1998/Math/MathML" display="block"><semantics><mrow><mrow><mo stretchy="true">(</mo><mtable><mtr><mtd><mi>a</mi></mtd><mtd><mrow></mrow></mtd></mtr><mtr><mtd><mrow></mrow></mtd><mtd><mi>d</mi></mtd></mtr></mtable><mo stretchy="true">)</mo></mrow></mrow><annotation encoding="application/x-tex">\begin{pmatrix}
a &amp; \\
&amp; d
\end{pmatrix}</annotation></semantics></math>
