---
source: crates/quarto-math/tests/integration/mathml.rs
expression: to_mathml(&n)
---
<math xmlns="http://www.w3.org/1998/Math/MathML"><semantics><mrow><munder><munder accentunder="true"><mrow><mi>a</mi><mo>+</mo><mi>b</mi></mrow><mo stretchy="true">⏟</mo></munder><mi>n</mi></munder></mrow><annotation encoding="application/x-tex">\underbrace{a+b}_{n}</annotation></semantics></math>
