---
source: crates/quarto-math/tests/integration/omml.rs
expression: to_omml(&n)
---
<m:oMathPara><m:oMath><m:nary><m:naryPr><m:chr m:val="∑"/><m:limLoc m:val="undOvr"/><m:supHide m:val="1"/></m:naryPr><m:sub><m:r><m:t>i</m:t></m:r></m:sub><m:sup/><m:e/></m:nary><m:sSub><m:e><m:r><m:t>x</m:t></m:r></m:e><m:sub><m:r><m:t>i</m:t></m:r></m:sub></m:sSub></m:oMath></m:oMathPara>
