---
source: crates/quarto-math/tests/integration/mathml.rs
expression: to_mathml(&n)
---
<math xmlns="http://www.w3.org/1998/Math/MathML"><semantics><mrow><munder accentunder="true"><mi>x</mi><mo stretchy="true">_</mo></munder></mrow><annotation encoding="application/x-tex">\underline{x}</annotation></semantics></math>
