---
source: crates/quarto-math/tests/integration/mathml.rs
expression: to_mathml(&n)
---
<math xmlns="http://www.w3.org/1998/Math/MathML"><semantics><mrow><msubsup><mo>∫</mo><mn>0</mn><mo>∞</mo></msubsup><msup><mi>e</mi><msup><mrow><mo>−</mo><mi>x</mi></mrow><mn>2</mn></msup></msup><mspace width="0.1667em"></mspace><mi>d</mi><mi>x</mi></mrow><annotation encoding="application/x-tex">\int_0^\infty e^{-x^2}\,dx</annotation></semantics></math>
