---
source: crates/quarto-math/tests/integration/mathml.rs
expression: to_mathml(&n)
---
<math xmlns="http://www.w3.org/1998/Math/MathML"><semantics><mrow><mi>F</mi><mo>=</mo><mi>G</mi><mfrac><mrow><msub><mi>m</mi><mn>1</mn></msub><msub><mi>m</mi><mn>2</mn></msub></mrow><msup><mi>r</mi><mn>2</mn></msup></mfrac></mrow><annotation encoding="application/x-tex">F = G\frac{m_1 m_2}{r^2}</annotation></semantics></math>
