---
source: crates/quarto-math/tests/integration/mathml.rs
expression: to_mathml(&n)
---
<math xmlns="http://www.w3.org/1998/Math/MathML" display="block"><semantics><mrow><mrow><mo stretchy="true">(</mo><mfrac><mi>a</mi><mi>b</mi></mfrac><mo stretchy="true">)</mo></mrow></mrow><annotation encoding="application/x-tex">\left(
\frac{a}{b}
\right)</annotation></semantics></math>
