---
source: crates/quarto-math/tests/integration/mathml.rs
expression: to_mathml(&n)
---
<math xmlns="http://www.w3.org/1998/Math/MathML"><semantics><mrow><merror><mtext>\begin{aligned} x \end{cases}</mtext></merror></mrow><annotation encoding="application/x-tex">\begin{aligned} x \end{cases}</annotation></semantics></math>
