---
source: crates/quarto-math/tests/integration/normalize.rs
expression: rendered(&n)
---
row @0..94
  run "a" @0..1
  sym "→" @2..5
  run "b" @6..7
  sym "→" @8..19
  run "c" @20..21
  sym "=>" @22..33
  run "d" @34..35
  sym "<->" @36..51
  run "e" @52..53
  sym "↦" @54..61
  run "f" @62..63
  sym "←" @64..74
  run "g" @75..76
  sym "<=>" @77..92
  run "h" @93..94
-- problems --
