---
source: crates/quarto-math/tests/integration/mathml.rs
expression: to_mathml(&n)
---
<math xmlns="http://www.w3.org/1998/Math/MathML"><semantics><mrow><msup><mrow><mo stretchy="true">(</mo><mfrac><mi>a</mi><mi>b</mi></mfrac><mo stretchy="true">)</mo></mrow><mn>2</mn></msup></mrow><annotation encoding="application/x-tex">\left( \frac{a}{b} \right)^2</annotation></semantics></math>
