---
source: crates/quarto-math/tests/integration/mathml.rs
expression: to_mathml(&n)
---
<math xmlns="http://www.w3.org/1998/Math/MathML"><semantics><mrow><msup><mi>f</mi><mo>′</mo></msup><mo stretchy="false">(</mo><mi>x</mi><mo stretchy="false">)</mo><msup><mrow><mo>=</mo><mi>f</mi></mrow><mo>″</mo></msup><mo stretchy="false">(</mo><mi>x</mi><mo stretchy="false">)</mo></mrow><annotation encoding="application/x-tex">f'(x) = f''(x)</annotation></semantics></math>
