---
source: crates/quarto-math/tests/integration/mathml.rs
expression: to_mathml(&n)
---
<math xmlns="http://www.w3.org/1998/Math/MathML" display="block"><semantics><mrow><msubsup><mo>∫</mo><mrow><mo>−</mo><mo>∞</mo></mrow><mo>∞</mo></msubsup><msup><mi>e</mi><msup><mrow><mo>−</mo><mi>x</mi></mrow><mn>2</mn></msup></msup><mi>d</mi><mi>x</mi><mo>=</mo><msqrt><mi>π</mi></msqrt></mrow><annotation encoding="application/x-tex">\int_{-\infty}^{\infty} e^{-x^2} dx = \sqrt{\pi}</annotation></semantics></math>
