---
source: crates/quarto-math/tests/integration/mathml.rs
expression: to_mathml(&n)
---
<math xmlns="http://www.w3.org/1998/Math/MathML"><semantics><mrow><mover><mover accent="true"><mrow><mi>a</mi><mo>+</mo><mi>b</mi></mrow><mo stretchy="true">⏞</mo></mover><mi>n</mi></mover></mrow><annotation encoding="application/x-tex">\overbrace{a+b}^{n}</annotation></semantics></math>
