---
source: crates/quarto-math/tests/integration/mathml.rs
expression: to_mathml(&n)
---
<math xmlns="http://www.w3.org/1998/Math/MathML"><semantics><mrow><mi>ℝ</mi><mi>ℕ</mi><mi>ℤ</mi><mi>ℚ</mi><merror><mtext>\C</mtext></merror></mrow><annotation encoding="application/x-tex">\R \N \Z \Q \C</annotation></semantics></math>
