---
source: crates/quarto-math/tests/integration/mathml.rs
expression: to_mathml(&n)
---
<math xmlns="http://www.w3.org/1998/Math/MathML"><semantics><mrow><msubsup><mi>x</mi><mn>1</mn><mn>2</mn></msubsup></mrow><annotation encoding="application/x-tex">\newcommand{\x}{x_1} \x^2</annotation></semantics></math>
