---
source: crates/quarto-math/tests/integration/mathml.rs
expression: to_mathml(&n)
---
<math xmlns="http://www.w3.org/1998/Math/MathML"><semantics><mrow><mrow></mrow><mi>ℝ</mi><mrow><mi>ℝ</mi></mrow><mi>ℝ</mi></mrow><annotation encoding="application/x-tex">\def\R{\mathbb{R}} \R</annotation></semantics></math>
