---
source: crates/quarto-math/tests/integration/normalize.rs
expression: rendered(&n)
---
row @0..26
  scripts Auto @0..13
    nary "∫" Auto @0..4
    sub:
      run "0" @5..6
    sup:
      sym "∞" @7..13
  scripts Auto @14..22
    run "e" @14..15
    sup:
      row @16..22
        scripts Auto @17..21
          run "-x" @17..19
          sup:
            run "2" @20..21
  space 0.1667em @22..24
  run "dx" @24..26
-- problems --
