---
source: crates/quarto-math/tests/integration/mathml.rs
expression: to_mathml(&n)
---
<math xmlns="http://www.w3.org/1998/Math/MathML" display="block"><semantics><mrow><msub><mo>∑</mo><mi>i</mi></msub><msub><mi>x</mi><mi>i</mi></msub></mrow><annotation encoding="application/x-tex">\sum\nolimits_{i} x_i</annotation></semantics></math>
