---
source: crates/quarto-math/tests/integration/mathml.rs
expression: to_mathml(&n)
---
<math xmlns="http://www.w3.org/1998/Math/MathML"><semantics><mrow><mi>log</mi><mo>⁡</mo><mi>x</mi><mo>+</mo><mi>ln</mi><mo>⁡</mo><mi>y</mi><mo>+</mo><mi>sin</mi><mo>⁡</mo><mi>θ</mi></mrow><annotation encoding="application/x-tex">\log x + \ln y + \sin \theta</annotation></semantics></math>
