---
source: crates/quarto-math/tests/integration/mathml.rs
expression: to_mathml(&n)
---
<math xmlns="http://www.w3.org/1998/Math/MathML"><semantics><mrow><mo stretchy="false">{</mo><mo stretchy="false">}</mo><mo>%</mo><mo>$</mo><mo>&amp;</mo><mo>#</mo><mo>_</mo></mrow><annotation encoding="application/x-tex">\{ \} \% \$ \&amp; \# \_</annotation></semantics></math>
