---
source: crates/quarto-math/tests/integration/omml.rs
expression: to_omml(&n)
---
<m:oMath><m:borderBox><m:borderBoxPr><m:hideTop m:val="1"/><m:hideBot m:val="1"/><m:hideLeft m:val="1"/><m:hideRight m:val="1"/><m:strikeBLTR m:val="1"/></m:borderBoxPr><m:e><m:r><m:t>x</m:t></m:r></m:e></m:borderBox></m:oMath>
