---
source: crates/quarto-math/tests/integration/mathml.rs
expression: to_mathml(&n)
---
<math xmlns="http://www.w3.org/1998/Math/MathML"><semantics><mrow><msub><mo>∬</mo><mi>D</mi></msub><mi>f</mi><mo>+</mo><msub><mo>∭</mo><mi>V</mi></msub><mi>g</mi></mrow><annotation encoding="application/x-tex">\iint_D f + \iiint_V g</annotation></semantics></math>
