---
source: crates/quarto-math/tests/integration/mathml.rs
expression: to_mathml(&n)
---
<math xmlns="http://www.w3.org/1998/Math/MathML"><semantics><mrow><mrow><msub><mi>x</mi><mn>1</mn></msub><merror><mtext>2</mtext></merror></mrow></mrow><annotation encoding="application/x-tex">x_1_2</annotation></semantics></math>
