---
source: crates/quarto-core/src/pandoc_filters/params.rs
expression: keys
---
[
    "active-filters",
    "crossref-cau-prefix",
    "crossref-cau-title",
    "crossref-cnj-prefix",
    "crossref-cnj-title",
    "crossref-cor-prefix",
    "crossref-cor-title",
    "crossref-def-prefix",
    "crossref-def-title",
    "crossref-demo-prefix",
    "crossref-demo-title",
    "crossref-eq-prefix",
    "crossref-eq-title",
    "crossref-exm-prefix",
    "crossref-exm-title",
    "crossref-exr-prefix",
    "crossref-exr-title",
    "crossref-fig-prefix",
    "crossref-fig-title",
    "crossref-imp-prefix",
    "crossref-imp-title",
    "crossref-lem-prefix",
    "crossref-lem-title",
    "crossref-lst-prefix",
    "crossref-lst-title",
    "crossref-nte-prefix",
    "crossref-nte-title",
    "crossref-numbering",
    "crossref-prp-prefix",
    "crossref-prp-title",
    "crossref-rem-prefix",
    "crossref-rem-title",
    "crossref-sec-prefix",
    "crossref-sec-title",
    "crossref-sol-prefix",
    "crossref-sol-title",
    "crossref-tbl-prefix",
    "crossref-tbl-title",
    "crossref-thm-prefix",
    "crossref-thm-title",
    "crossref-tip-prefix",
    "crossref-tip-title",
    "crossref-wrn-prefix",
    "crossref-wrn-title",
    "enable-crossref",
    "execution-engine",
    "format-identifier",
    "language",
    "number-depth",
    "number-offset",
    "number-sections",
    "output-divs",
    "quarto-environment",
    "quarto-filters",
    "results-file",
]
